Archive member included to satisfy reference by file (symbol)

/usr/lib/gcc/avr/5.4.0/avr5/libgcc.a(_exit.o)
                              /usr/lib/gcc/avr/5.4.0/../../../avr/lib/avr5/crtatmega328.o (exit)
/usr/lib/gcc/avr/5.4.0/avr5/libgcc.a(_copy_data.o)
                              ./FreeRTOS/tasks.o (__do_copy_data)
/usr/lib/gcc/avr/5.4.0/avr5/libgcc.a(_clear_bss.o)
                              ./FreeRTOS/portable/MemMang/heap_1.o (__do_clear_bss)
/usr/lib/gcc/avr/5.4.0/../../../avr/lib/avr5/libc.a(memcpy.o)
                              ./FreeRTOS/queue.o (memcpy)

Discarded input sections

 .data          0x0000000000000000        0x0 /usr/lib/gcc/avr/5.4.0/../../../avr/lib/avr5/crtatmega328.o
 .bss           0x0000000000000000        0x0 /usr/lib/gcc/avr/5.4.0/../../../avr/lib/avr5/crtatmega328.o
 .text          0x0000000000000000        0x0 ./FreeRTOS/portable/MemMang/heap_1.o
 .data          0x0000000000000000        0x0 ./FreeRTOS/portable/MemMang/heap_1.o
 .bss           0x0000000000000000        0x0 ./FreeRTOS/portable/MemMang/heap_1.o
 .text.vPortInitialiseBlocks
                0x0000000000000000       0x18 ./FreeRTOS/portable/MemMang/heap_1.o
 .text.xPortGetFreeHeapSize
                0x0000000000000000       0x22 ./FreeRTOS/portable/MemMang/heap_1.o
 .text          0x0000000000000000        0x0 ./FreeRTOS/portable/GCC/ATMega328/port.o
 .data          0x0000000000000000        0x0 ./FreeRTOS/portable/GCC/ATMega328/port.o
 .bss           0x0000000000000000        0x0 ./FreeRTOS/portable/GCC/ATMega328/port.o
 .text.vPortEndScheduler
                0x0000000000000000       0x10 ./FreeRTOS/portable/GCC/ATMega328/port.o
 .text          0x0000000000000000        0x0 ./FreeRTOS/croutine.o
 .data          0x0000000000000000        0x0 ./FreeRTOS/croutine.o
 .bss           0x0000000000000000        0x0 ./FreeRTOS/croutine.o
 .stab          0x0000000000000000      0xaf8 ./FreeRTOS/croutine.o
                                        0xe4c (size before relaxing)
 .bss.pxReadyCoRoutineLists
                0x0000000000000000       0x12 ./FreeRTOS/croutine.o
 .bss.xDelayedCoRoutineList1
                0x0000000000000000        0x9 ./FreeRTOS/croutine.o
 .bss.xDelayedCoRoutineList2
                0x0000000000000000        0x9 ./FreeRTOS/croutine.o
 .bss.pxDelayedCoRoutineList
                0x0000000000000000        0x2 ./FreeRTOS/croutine.o
 .bss.pxOverflowDelayedCoRoutineList
                0x0000000000000000        0x2 ./FreeRTOS/croutine.o
 .bss.xPendingReadyCoRoutineList
                0x0000000000000000        0x9 ./FreeRTOS/croutine.o
 .bss.pxCurrentCoRoutine
                0x0000000000000000        0x2 ./FreeRTOS/croutine.o
 .bss.uxTopCoRoutineReadyPriority
                0x0000000000000000        0x1 ./FreeRTOS/croutine.o
 .bss.xCoRoutineTickCount
                0x0000000000000000        0x2 ./FreeRTOS/croutine.o
 .bss.xLastTickCount
                0x0000000000000000        0x2 ./FreeRTOS/croutine.o
 .bss.xPassedTicks
                0x0000000000000000        0x2 ./FreeRTOS/croutine.o
 .text.xCoRoutineCreate
                0x0000000000000000      0x138 ./FreeRTOS/croutine.o
 .text.vCoRoutineAddToDelayedList
                0x0000000000000000       0xca ./FreeRTOS/croutine.o
 .text.prvCheckPendingReadyList
                0x0000000000000000       0x9a ./FreeRTOS/croutine.o
 .text.prvCheckDelayedList
                0x0000000000000000      0x16e ./FreeRTOS/croutine.o
 .text.vCoRoutineSchedule
                0x0000000000000000      0x10a ./FreeRTOS/croutine.o
 .text.prvInitialiseCoRoutineLists
                0x0000000000000000       0x74 ./FreeRTOS/croutine.o
 .text.xCoRoutineRemoveFromEventList
                0x0000000000000000       0x72 ./FreeRTOS/croutine.o
 .comment       0x0000000000000000       0x12 ./FreeRTOS/croutine.o
 .text          0x0000000000000000        0x0 ./FreeRTOS/event_groups.o
 .data          0x0000000000000000        0x0 ./FreeRTOS/event_groups.o
 .bss           0x0000000000000000        0x0 ./FreeRTOS/event_groups.o
 .stab          0x0000000000000000      0xe10 ./FreeRTOS/event_groups.o
                                       0x11f4 (size before relaxing)
 .text.xEventGroupCreate
                0x0000000000000000       0x40 ./FreeRTOS/event_groups.o
 .text.xEventGroupSync
                0x0000000000000000      0x176 ./FreeRTOS/event_groups.o
 .text.xEventGroupWaitBits
                0x0000000000000000      0x18c ./FreeRTOS/event_groups.o
 .text.xEventGroupClearBits
                0x0000000000000000       0x72 ./FreeRTOS/event_groups.o
 .text.xEventGroupGetBitsFromISR
                0x0000000000000000       0x46 ./FreeRTOS/event_groups.o
 .text.xEventGroupSetBits
                0x0000000000000000      0x17a ./FreeRTOS/event_groups.o
 .text.vEventGroupDelete
                0x0000000000000000       0x68 ./FreeRTOS/event_groups.o
 .text.vEventGroupSetBitsCallback
                0x0000000000000000       0x3c ./FreeRTOS/event_groups.o
 .text.vEventGroupClearBitsCallback
                0x0000000000000000       0x3c ./FreeRTOS/event_groups.o
 .text.prvTestWaitCondition
                0x0000000000000000       0x64 ./FreeRTOS/event_groups.o
 .comment       0x0000000000000000       0x12 ./FreeRTOS/event_groups.o
 .text          0x0000000000000000        0x0 ./FreeRTOS/list.o
 .data          0x0000000000000000        0x0 ./FreeRTOS/list.o
 .bss           0x0000000000000000        0x0 ./FreeRTOS/list.o
 .text          0x0000000000000000        0x0 ./FreeRTOS/queue.o
 .data          0x0000000000000000        0x0 ./FreeRTOS/queue.o
 .bss           0x0000000000000000        0x0 ./FreeRTOS/queue.o
 .stab          0x0000000000000000     0x1638 ./FreeRTOS/queue.o
                                       0x1a1c (size before relaxing)
 .text.xQueueGenericReset
                0x0000000000000000      0x128 ./FreeRTOS/queue.o
 .text.xQueueGenericCreate
                0x0000000000000000       0xd0 ./FreeRTOS/queue.o
 .text.xQueueGenericSend
                0x0000000000000000      0x162 ./FreeRTOS/queue.o
 .text.xQueueGenericSendFromISR
                0x0000000000000000       0xc0 ./FreeRTOS/queue.o
 .text.xQueueGiveFromISR
                0x0000000000000000       0xb8 ./FreeRTOS/queue.o
 .text.xQueueGenericReceive
                0x0000000000000000      0x19c ./FreeRTOS/queue.o
 .text.xQueueReceiveFromISR
                0x0000000000000000       0xc2 ./FreeRTOS/queue.o
 .text.xQueuePeekFromISR
                0x0000000000000000       0x78 ./FreeRTOS/queue.o
 .text.uxQueueMessagesWaiting
                0x0000000000000000       0x32 ./FreeRTOS/queue.o
 .text.uxQueueSpacesAvailable
                0x0000000000000000       0x4e ./FreeRTOS/queue.o
 .text.uxQueueMessagesWaitingFromISR
                0x0000000000000000       0x28 ./FreeRTOS/queue.o
 .text.vQueueDelete
                0x0000000000000000       0x30 ./FreeRTOS/queue.o
 .text.prvCopyDataToQueue
                0x0000000000000000      0x180 ./FreeRTOS/queue.o
 .text.prvCopyDataFromQueue
                0x0000000000000000       0xa2 ./FreeRTOS/queue.o
 .text.prvUnlockQueue
                0x0000000000000000       0xca ./FreeRTOS/queue.o
 .text.prvIsQueueEmpty
                0x0000000000000000       0x3c ./FreeRTOS/queue.o
 .text.xQueueIsQueueEmptyFromISR
                0x0000000000000000       0x32 ./FreeRTOS/queue.o
 .text.prvIsQueueFull
                0x0000000000000000       0x44 ./FreeRTOS/queue.o
 .text.xQueueIsQueueFullFromISR
                0x0000000000000000       0x3a ./FreeRTOS/queue.o
 .comment       0x0000000000000000       0x12 ./FreeRTOS/queue.o
 .text          0x0000000000000000        0x0 ./FreeRTOS/tasks.o
 .data          0x0000000000000000        0x0 ./FreeRTOS/tasks.o
 .bss           0x0000000000000000        0x0 ./FreeRTOS/tasks.o
 .text.vTaskDelete
                0x0000000000000000       0xb8 ./FreeRTOS/tasks.o
 .text.vTaskDelay
                0x0000000000000000       0x6c ./FreeRTOS/tasks.o
 .text.vTaskEndScheduler
                0x0000000000000000       0x1a ./FreeRTOS/tasks.o
 .text.xTaskGetTickCountFromISR
                0x0000000000000000       0x2a ./FreeRTOS/tasks.o
 .text.uxTaskGetNumberOfTasks
                0x0000000000000000       0x12 ./FreeRTOS/tasks.o
 .text.vTaskPlaceOnEventList
                0x0000000000000000       0x6c ./FreeRTOS/tasks.o
 .text.vTaskPlaceOnUnorderedEventList
                0x0000000000000000       0x8a ./FreeRTOS/tasks.o
 .text.xTaskRemoveFromEventList
                0x0000000000000000       0xda ./FreeRTOS/tasks.o
 .text.xTaskRemoveFromUnorderedEventList
                0x0000000000000000       0xd6 ./FreeRTOS/tasks.o
 .text.vTaskSetTimeOutState
                0x0000000000000000       0x38 ./FreeRTOS/tasks.o
 .text.xTaskCheckForTimeOut
                0x0000000000000000       0xd0 ./FreeRTOS/tasks.o
 .text.vTaskMissedYield
                0x0000000000000000       0x16 ./FreeRTOS/tasks.o
 .text.uxTaskResetEventItemValue
                0x0000000000000000       0x54 ./FreeRTOS/tasks.o
 .text.ulTaskNotifyTake
                0x0000000000000000      0x11c ./FreeRTOS/tasks.o
 .text.xTaskNotifyWait
                0x0000000000000000      0x16c ./FreeRTOS/tasks.o
 .text.xTaskNotify
                0x0000000000000000      0x192 ./FreeRTOS/tasks.o
 .text.xTaskNotifyFromISR
                0x0000000000000000      0x1c0 ./FreeRTOS/tasks.o
 .text.vTaskNotifyGiveFromISR
                0x0000000000000000      0x114 ./FreeRTOS/tasks.o
 .text          0x0000000000000000        0x0 ./FreeRTOS/timers.o
 .data          0x0000000000000000        0x0 ./FreeRTOS/timers.o
 .bss           0x0000000000000000        0x0 ./FreeRTOS/timers.o
 .stab          0x0000000000000000      0x348 ./FreeRTOS/timers.o
                                        0x78c (size before relaxing)
 .comment       0x0000000000000000       0x12 ./FreeRTOS/timers.o
 .text          0x0000000000000000        0x0 ./Drivers/led.o
 .data          0x0000000000000000        0x0 ./Drivers/led.o
 .bss           0x0000000000000000        0x0 ./Drivers/led.o
 .text          0x0000000000000000        0x0 ./apptasks.o
 .data          0x0000000000000000        0x0 ./apptasks.o
 .bss           0x0000000000000000        0x0 ./apptasks.o
 .stab          0x0000000000000000      0x318 ./apptasks.o
                                        0x6c0 (size before relaxing)
 .comment       0x0000000000000000       0x12 ./apptasks.o
 .text          0x0000000000000000        0x0 ./main.o
 .data          0x0000000000000000        0x0 ./main.o
 .bss           0x0000000000000000        0x0 ./main.o
 .text          0x0000000000000000        0x0 /usr/lib/gcc/avr/5.4.0/avr5/libgcc.a(_exit.o)
 .data          0x0000000000000000        0x0 /usr/lib/gcc/avr/5.4.0/avr5/libgcc.a(_exit.o)
 .bss           0x0000000000000000        0x0 /usr/lib/gcc/avr/5.4.0/avr5/libgcc.a(_exit.o)
 .text.libgcc.mul
                0x0000000000000000        0x0 /usr/lib/gcc/avr/5.4.0/avr5/libgcc.a(_exit.o)
 .text.libgcc.div
                0x0000000000000000        0x0 /usr/lib/gcc/avr/5.4.0/avr5/libgcc.a(_exit.o)
 .text.libgcc   0x0000000000000000        0x0 /usr/lib/gcc/avr/5.4.0/avr5/libgcc.a(_exit.o)
 .text.libgcc.prologue
                0x0000000000000000        0x0 /usr/lib/gcc/avr/5.4.0/avr5/libgcc.a(_exit.o)
 .text.libgcc.builtins
                0x0000000000000000        0x0 /usr/lib/gcc/avr/5.4.0/avr5/libgcc.a(_exit.o)
 .text.libgcc.fmul
                0x0000000000000000        0x0 /usr/lib/gcc/avr/5.4.0/avr5/libgcc.a(_exit.o)
 .text.libgcc.fixed
                0x0000000000000000        0x0 /usr/lib/gcc/avr/5.4.0/avr5/libgcc.a(_exit.o)
 .text          0x0000000000000000        0x0 /usr/lib/gcc/avr/5.4.0/avr5/libgcc.a(_copy_data.o)
 .data          0x0000000000000000        0x0 /usr/lib/gcc/avr/5.4.0/avr5/libgcc.a(_copy_data.o)
 .bss           0x0000000000000000        0x0 /usr/lib/gcc/avr/5.4.0/avr5/libgcc.a(_copy_data.o)
 .text.libgcc.mul
                0x0000000000000000        0x0 /usr/lib/gcc/avr/5.4.0/avr5/libgcc.a(_copy_data.o)
 .text.libgcc.div
                0x0000000000000000        0x0 /usr/lib/gcc/avr/5.4.0/avr5/libgcc.a(_copy_data.o)
 .text.libgcc   0x0000000000000000        0x0 /usr/lib/gcc/avr/5.4.0/avr5/libgcc.a(_copy_data.o)
 .text.libgcc.prologue
                0x0000000000000000        0x0 /usr/lib/gcc/avr/5.4.0/avr5/libgcc.a(_copy_data.o)
 .text.libgcc.builtins
                0x0000000000000000        0x0 /usr/lib/gcc/avr/5.4.0/avr5/libgcc.a(_copy_data.o)
 .text.libgcc.fmul
                0x0000000000000000        0x0 /usr/lib/gcc/avr/5.4.0/avr5/libgcc.a(_copy_data.o)
 .text.libgcc.fixed
                0x0000000000000000        0x0 /usr/lib/gcc/avr/5.4.0/avr5/libgcc.a(_copy_data.o)
 .text          0x0000000000000000        0x0 /usr/lib/gcc/avr/5.4.0/avr5/libgcc.a(_clear_bss.o)
 .data          0x0000000000000000        0x0 /usr/lib/gcc/avr/5.4.0/avr5/libgcc.a(_clear_bss.o)
 .bss           0x0000000000000000        0x0 /usr/lib/gcc/avr/5.4.0/avr5/libgcc.a(_clear_bss.o)
 .text.libgcc.mul
                0x0000000000000000        0x0 /usr/lib/gcc/avr/5.4.0/avr5/libgcc.a(_clear_bss.o)
 .text.libgcc.div
                0x0000000000000000        0x0 /usr/lib/gcc/avr/5.4.0/avr5/libgcc.a(_clear_bss.o)
 .text.libgcc   0x0000000000000000        0x0 /usr/lib/gcc/avr/5.4.0/avr5/libgcc.a(_clear_bss.o)
 .text.libgcc.prologue
                0x0000000000000000        0x0 /usr/lib/gcc/avr/5.4.0/avr5/libgcc.a(_clear_bss.o)
 .text.libgcc.builtins
                0x0000000000000000        0x0 /usr/lib/gcc/avr/5.4.0/avr5/libgcc.a(_clear_bss.o)
 .text.libgcc.fmul
                0x0000000000000000        0x0 /usr/lib/gcc/avr/5.4.0/avr5/libgcc.a(_clear_bss.o)
 .text.libgcc.fixed
                0x0000000000000000        0x0 /usr/lib/gcc/avr/5.4.0/avr5/libgcc.a(_clear_bss.o)
 .text          0x0000000000000000        0x0 /usr/lib/gcc/avr/5.4.0/../../../avr/lib/avr5/libc.a(memcpy.o)
 .data          0x0000000000000000        0x0 /usr/lib/gcc/avr/5.4.0/../../../avr/lib/avr5/libc.a(memcpy.o)
 .bss           0x0000000000000000        0x0 /usr/lib/gcc/avr/5.4.0/../../../avr/lib/avr5/libc.a(memcpy.o)
 .text.avr-libc
                0x0000000000000000       0x12 /usr/lib/gcc/avr/5.4.0/../../../avr/lib/avr5/libc.a(memcpy.o)

Memory Configuration

Name             Origin             Length             Attributes
text             0x0000000000000000 0x0000000000008000 xr
data             0x0000000000800100 0x0000000000000800 rw !x
eeprom           0x0000000000810000 0x0000000000000400 rw !x
fuse             0x0000000000820000 0x0000000000000003 rw !x
lock             0x0000000000830000 0x0000000000000400 rw !x
signature        0x0000000000840000 0x0000000000000400 rw !x
user_signatures  0x0000000000850000 0x0000000000000400 rw !x
*default*        0x0000000000000000 0xffffffffffffffff

Linker script and memory map

Address of section .data set to 0x800100
LOAD /usr/lib/gcc/avr/5.4.0/../../../avr/lib/avr5/crtatmega328.o
LOAD ./FreeRTOS/portable/MemMang/heap_1.o
LOAD ./FreeRTOS/portable/GCC/ATMega328/port.o
LOAD ./FreeRTOS/croutine.o
LOAD ./FreeRTOS/event_groups.o
LOAD ./FreeRTOS/list.o
LOAD ./FreeRTOS/queue.o
LOAD ./FreeRTOS/tasks.o
LOAD ./FreeRTOS/timers.o
LOAD ./Drivers/led.o
LOAD ./apptasks.o
LOAD ./main.o
LOAD /usr/lib/gcc/avr/5.4.0/avr5/libgcc.a
LOAD /usr/lib/gcc/avr/5.4.0/../../../avr/lib/avr5/libm.a
START GROUP
LOAD /usr/lib/gcc/avr/5.4.0/avr5/libgcc.a
LOAD /usr/lib/gcc/avr/5.4.0/../../../avr/lib/avr5/libm.a
LOAD /usr/lib/gcc/avr/5.4.0/../../../avr/lib/avr5/libc.a
LOAD /usr/lib/gcc/avr/5.4.0/../../../avr/lib/avr5/libatmega328.a
END GROUP
                0x0000000000000000                __TEXT_REGION_ORIGIN__ = DEFINED (__TEXT_REGION_ORIGIN__)?__TEXT_REGION_ORIGIN__:0x0
                [0x0000000000800100]                __DATA_REGION_ORIGIN__ = DEFINED (__DATA_REGION_ORIGIN__)?__DATA_REGION_ORIGIN__:0x800060
                [0x0000000000008000]                __TEXT_REGION_LENGTH__ = DEFINED (__TEXT_REGION_LENGTH__)?__TEXT_REGION_LENGTH__:0x20000
                [0x0000000000000800]                __DATA_REGION_LENGTH__ = DEFINED (__DATA_REGION_LENGTH__)?__DATA_REGION_LENGTH__:0xffa0
                [0x0000000000000400]                __EEPROM_REGION_LENGTH__ = DEFINED (__EEPROM_REGION_LENGTH__)?__EEPROM_REGION_LENGTH__:0x10000
                [0x0000000000000003]                __FUSE_REGION_LENGTH__ = DEFINED (__FUSE_REGION_LENGTH__)?__FUSE_REGION_LENGTH__:0x400
                0x0000000000000400                __LOCK_REGION_LENGTH__ = DEFINED (__LOCK_REGION_LENGTH__)?__LOCK_REGION_LENGTH__:0x400
                0x0000000000000400                __SIGNATURE_REGION_LENGTH__ = DEFINED (__SIGNATURE_REGION_LENGTH__)?__SIGNATURE_REGION_LENGTH__:0x400
                0x0000000000000400                __USER_SIGNATURE_REGION_LENGTH__ = DEFINED (__USER_SIGNATURE_REGION_LENGTH__)?__USER_SIGNATURE_REGION_LENGTH__:0x400

.hash
 *(.hash)

.dynsym
 *(.dynsym)

.dynstr
 *(.dynstr)

.gnu.version
 *(.gnu.version)

.gnu.version_d
 *(.gnu.version_d)

.gnu.version_r
 *(.gnu.version_r)

.rel.init
 *(.rel.init)

.rela.init
 *(.rela.init)

.rel.text
 *(.rel.text)
 *(.rel.text.*)
 *(.rel.gnu.linkonce.t*)

.rela.text
 *(.rela.text)
 *(.rela.text.*)
 *(.rela.gnu.linkonce.t*)

.rel.fini
 *(.rel.fini)

.rela.fini
 *(.rela.fini)

.rel.rodata
 *(.rel.rodata)
 *(.rel.rodata.*)
 *(.rel.gnu.linkonce.r*)

.rela.rodata
 *(.rela.rodata)
 *(.rela.rodata.*)
 *(.rela.gnu.linkonce.r*)

.rel.data
 *(.rel.data)
 *(.rel.data.*)
 *(.rel.gnu.linkonce.d*)

.rela.data
 *(.rela.data)
 *(.rela.data.*)
 *(.rela.gnu.linkonce.d*)

.rel.ctors
 *(.rel.ctors)

.rela.ctors
 *(.rela.ctors)

.rel.dtors
 *(.rel.dtors)

.rela.dtors
 *(.rela.dtors)

.rel.got
 *(.rel.got)

.rela.got
 *(.rela.got)

.rel.bss
 *(.rel.bss)

.rela.bss
 *(.rela.bss)

.rel.plt
 *(.rel.plt)

.rela.plt
 *(.rela.plt)

.text           0x0000000000000000     0x15c0
 *(.vectors)
 .vectors       0x0000000000000000       0x68 /usr/lib/gcc/avr/5.4.0/../../../avr/lib/avr5/crtatmega328.o
                0x0000000000000000                __vectors
                0x0000000000000000                __vector_default
 *(.vectors)
 *(.progmem.gcc*)
                0x0000000000000068                . = ALIGN (0x2)
                0x0000000000000068                __trampolines_start = .
 *(.trampolines)
 .trampolines   0x0000000000000068        0x0 linker stubs
 *(.trampolines*)
                0x0000000000000068                __trampolines_end = .
 *libprintf_flt.a:*(.progmem.data)
 *libc.a:*(.progmem.data)
 *(.progmem*)
                0x0000000000000068                . = ALIGN (0x2)
 *(.jumptables)
 *(.jumptables*)
 *(.lowtext)
 *(.lowtext*)
                0x0000000000000068                __ctors_start = .
 *(.ctors)
                0x0000000000000068                __ctors_end = .
                0x0000000000000068                __dtors_start = .
 *(.dtors)
                0x0000000000000068                __dtors_end = .
 SORT(*)(.ctors)
 SORT(*)(.dtors)
 *(.init0)
 .init0         0x0000000000000068        0x0 /usr/lib/gcc/avr/5.4.0/../../../avr/lib/avr5/crtatmega328.o
                0x0000000000000068                __init
 *(.init0)
 *(.init1)
 *(.init1)
 *(.init2)
 .init2         0x0000000000000068        0xc /usr/lib/gcc/avr/5.4.0/../../../avr/lib/avr5/crtatmega328.o
 *(.init2)
 *(.init3)
 *(.init3)
 *(.init4)
 .init4         0x0000000000000074       0x16 /usr/lib/gcc/avr/5.4.0/avr5/libgcc.a(_copy_data.o)
                0x0000000000000074                __do_copy_data
 .init4         0x000000000000008a       0x10 /usr/lib/gcc/avr/5.4.0/avr5/libgcc.a(_clear_bss.o)
                0x000000000000008a                __do_clear_bss
 *(.init4)
 *(.init5)
 *(.init5)
 *(.init6)
 *(.init6)
 *(.init7)
 *(.init7)
 *(.init8)
 *(.init8)
 *(.init9)
 .init9         0x000000000000009a        0x8 /usr/lib/gcc/avr/5.4.0/../../../avr/lib/avr5/crtatmega328.o
 *(.init9)
 *(.text)
 .text          0x00000000000000a2        0x2 /usr/lib/gcc/avr/5.4.0/../../../avr/lib/avr5/crtatmega328.o
                0x00000000000000a2                __vector_22
                0x00000000000000a2                __vector_1
                0x00000000000000a2                __vector_24
                0x00000000000000a2                __vector_12
                0x00000000000000a2                __bad_interrupt
                0x00000000000000a2                __vector_6
                0x00000000000000a2                __vector_3
                0x00000000000000a2                __vector_23
                0x00000000000000a2                __vector_25
                0x00000000000000a2                __vector_13
                0x00000000000000a2                __vector_17
                0x00000000000000a2                __vector_19
                0x00000000000000a2                __vector_7
                0x00000000000000a2                __vector_5
                0x00000000000000a2                __vector_4
                0x00000000000000a2                __vector_9
                0x00000000000000a2                __vector_2
                0x00000000000000a2                __vector_21
                0x00000000000000a2                __vector_15
                0x00000000000000a2                __vector_8
                0x00000000000000a2                __vector_14
                0x00000000000000a2                __vector_10
                0x00000000000000a2                __vector_16
                0x00000000000000a2                __vector_18
                0x00000000000000a2                __vector_20
                0x00000000000000a4                . = ALIGN (0x2)
 *(.text.*)
 .text.pvPortMalloc
                0x00000000000000a4       0xa6 ./FreeRTOS/portable/MemMang/heap_1.o
                0x00000000000000a4                pvPortMalloc
 .text.vPortFree
                0x000000000000014a       0x1a ./FreeRTOS/portable/MemMang/heap_1.o
                0x000000000000014a                vPortFree
 .text.pxPortInitialiseStack
                0x0000000000000164      0x352 ./FreeRTOS/portable/GCC/ATMega328/port.o
                0x0000000000000164                pxPortInitialiseStack
 .text.xPortStartScheduler
                0x00000000000004b6       0x68 ./FreeRTOS/portable/GCC/ATMega328/port.o
                0x00000000000004b6                xPortStartScheduler
 .text.vPortYield
                0x000000000000051e       0xb2 ./FreeRTOS/portable/GCC/ATMega328/port.o
                0x000000000000051e                vPortYield
 .text.vPortYieldFromTick
                0x00000000000005d0       0xb8 ./FreeRTOS/portable/GCC/ATMega328/port.o
                0x00000000000005d0                vPortYieldFromTick
 .text.prvSetupTimerInterrupt
                0x0000000000000688       0xae ./FreeRTOS/portable/GCC/ATMega328/port.o
 .text.__vector_11
                0x0000000000000736        0x6 ./FreeRTOS/portable/GCC/ATMega328/port.o
                0x0000000000000736                __vector_11
 .text.vListInitialise
                0x000000000000073c       0x6c ./FreeRTOS/list.o
                0x000000000000073c                vListInitialise
 .text.vListInitialiseItem
                0x00000000000007a8       0x24 ./FreeRTOS/list.o
                0x00000000000007a8                vListInitialiseItem
 .text.vListInsertEnd
                0x00000000000007cc       0x9e ./FreeRTOS/list.o
                0x00000000000007cc                vListInsertEnd
 .text.vListInsert
                0x000000000000086a       0xf0 ./FreeRTOS/list.o
                0x000000000000086a                vListInsert
 .text.uxListRemove
                0x000000000000095a       0xae ./FreeRTOS/list.o
                0x000000000000095a                uxListRemove
 .text.xTaskGenericCreate
                0x0000000000000a08      0x1c0 ./FreeRTOS/tasks.o
                0x0000000000000a08                xTaskGenericCreate
 .text.vTaskDelayUntil
                0x0000000000000bc8       0xea ./FreeRTOS/tasks.o
                0x0000000000000bc8                vTaskDelayUntil
 .text.vTaskStartScheduler
                0x0000000000000cb2       0x6a ./FreeRTOS/tasks.o
                0x0000000000000cb2                vTaskStartScheduler
 .text.vTaskSuspendAll
                0x0000000000000d1c       0x1a ./FreeRTOS/tasks.o
                0x0000000000000d1c                vTaskSuspendAll
 .text.xTaskResumeAll
                0x0000000000000d36      0x112 ./FreeRTOS/tasks.o
                0x0000000000000d36                xTaskResumeAll
 .text.xTaskGetTickCount
                0x0000000000000e48       0x2e ./FreeRTOS/tasks.o
                0x0000000000000e48                xTaskGetTickCount
 .text.xTaskIncrementTick
                0x0000000000000e76      0x1d6 ./FreeRTOS/tasks.o
                0x0000000000000e76                xTaskIncrementTick
 .text.vTaskSwitchContext
                0x000000000000104c       0xe0 ./FreeRTOS/tasks.o
                0x000000000000104c                vTaskSwitchContext
 .text.prvIdleTask
                0x000000000000112c       0x1e ./FreeRTOS/tasks.o
 .text.prvInitialiseTCBVariables
                0x000000000000114a      0x108 ./FreeRTOS/tasks.o
 .text.prvInitialiseTaskLists
                0x0000000000001252       0x72 ./FreeRTOS/tasks.o
 .text.prvCheckTasksWaitingTermination
                0x00000000000012c4       0x7a ./FreeRTOS/tasks.o
 .text.prvAddCurrentTaskToDelayedList
                0x000000000000133e       0x92 ./FreeRTOS/tasks.o
 .text.prvAllocateTCBAndStack
                0x00000000000013d0       0x86 ./FreeRTOS/tasks.o
 .text.prvDeleteTCB
                0x0000000000001456       0x30 ./FreeRTOS/tasks.o
 .text.prvResetNextTaskUnblockTime
                0x0000000000001486       0x5e ./FreeRTOS/tasks.o
 .text.vLEDInit
                0x00000000000014e4       0x22 ./Drivers/led.o
                0x00000000000014e4                vLEDInit
 .text.vLEDToggle
                0x0000000000001506       0x24 ./Drivers/led.o
                0x0000000000001506                vLEDToggle
 .text.vLEDFlashTask
                0x000000000000152a       0x32 ./main.o
                0x000000000000152a                vLEDFlashTask
 .text.main     0x000000000000155c       0x50 ./main.o
                0x000000000000155c                main
 .text.vApplicationIdleHook
                0x00000000000015ac       0x10 ./main.o
                0x00000000000015ac                vApplicationIdleHook
                0x00000000000015bc                . = ALIGN (0x2)
 *(.fini9)
 .fini9         0x00000000000015bc        0x0 /usr/lib/gcc/avr/5.4.0/avr5/libgcc.a(_exit.o)
                0x00000000000015bc                exit
                0x00000000000015bc                _exit
 *(.fini9)
 *(.fini8)
 *(.fini8)
 *(.fini7)
 *(.fini7)
 *(.fini6)
 *(.fini6)
 *(.fini5)
 *(.fini5)
 *(.fini4)
 *(.fini4)
 *(.fini3)
 *(.fini3)
 *(.fini2)
 *(.fini2)
 *(.fini1)
 *(.fini1)
 *(.fini0)
 .fini0         0x00000000000015bc        0x4 /usr/lib/gcc/avr/5.4.0/avr5/libgcc.a(_exit.o)
 *(.fini0)
                0x00000000000015c0                _etext = .

.data           0x0000000000800100        0xc load address 0x00000000000015c0
                0x0000000000800100                PROVIDE (__data_start, .)
 *(.data)
 *(.data*)
 .data.xNextTaskUnblockTime
                0x0000000000800100        0x2 ./FreeRTOS/tasks.o
 *(.gnu.linkonce.d*)
 *(.rodata)
 .rodata        0x0000000000800102        0x5 ./FreeRTOS/tasks.o
 .rodata        0x0000000000800107        0x4 ./main.o
 *(.rodata*)
 *(.gnu.linkonce.r*)
                0x000000000080010c                . = ALIGN (0x2)
 *fill*         0x000000000080010b        0x1 
                0x000000000080010c                _edata = .
                0x000000000080010c                PROVIDE (__data_end, .)

.bss            0x000000000080010c      0x639
                0x000000000080010c                PROVIDE (__bss_start, .)
 *(.bss)
 *(.bss*)
 .bss.ucHeap    0x000000000080010c      0x5dc ./FreeRTOS/portable/MemMang/heap_1.o
 .bss.xNextFreeByte
                0x00000000008006e8        0x2 ./FreeRTOS/portable/MemMang/heap_1.o
 .bss.pucAlignedHeap.2010
                0x00000000008006ea        0x2 ./FreeRTOS/portable/MemMang/heap_1.o
 .bss.pxCurrentTCB
                0x00000000008006ec        0x2 ./FreeRTOS/tasks.o
                0x00000000008006ec                pxCurrentTCB
 .bss.pxReadyTasksLists
                0x00000000008006ee       0x24 ./FreeRTOS/tasks.o
 .bss.xDelayedTaskList1
                0x0000000000800712        0x9 ./FreeRTOS/tasks.o
 .bss.xDelayedTaskList2
                0x000000000080071b        0x9 ./FreeRTOS/tasks.o
 .bss.pxDelayedTaskList
                0x0000000000800724        0x2 ./FreeRTOS/tasks.o
 .bss.pxOverflowDelayedTaskList
                0x0000000000800726        0x2 ./FreeRTOS/tasks.o
 .bss.xPendingReadyList
                0x0000000000800728        0x9 ./FreeRTOS/tasks.o
 .bss.xTasksWaitingTermination
                0x0000000000800731        0x9 ./FreeRTOS/tasks.o
 .bss.uxTasksDeleted
                0x000000000080073a        0x1 ./FreeRTOS/tasks.o
 .bss.uxCurrentNumberOfTasks
                0x000000000080073b        0x1 ./FreeRTOS/tasks.o
 .bss.xTickCount
                0x000000000080073c        0x2 ./FreeRTOS/tasks.o
 .bss.uxTopReadyPriority
                0x000000000080073e        0x1 ./FreeRTOS/tasks.o
 .bss.xSchedulerRunning
                0x000000000080073f        0x1 ./FreeRTOS/tasks.o
 .bss.uxPendedTicks
                0x0000000000800740        0x1 ./FreeRTOS/tasks.o
 .bss.xYieldPending
                0x0000000000800741        0x1 ./FreeRTOS/tasks.o
 .bss.xNumOfOverflows
                0x0000000000800742        0x1 ./FreeRTOS/tasks.o
 .bss.uxTaskNumber
                0x0000000000800743        0x1 ./FreeRTOS/tasks.o
 .bss.uxSchedulerSuspended
                0x0000000000800744        0x1 ./FreeRTOS/tasks.o
 *(COMMON)
                0x0000000000800745                PROVIDE (__bss_end, .)
                0x00000000000015c0                __data_load_start = LOADADDR (.data)
                0x00000000000015cc                __data_load_end = (__data_load_start + SIZEOF (.data))

.noinit         0x0000000000800745        0x0
                [!provide]                        PROVIDE (__noinit_start, .)
 *(.noinit*)
                [!provide]                        PROVIDE (__noinit_end, .)
                0x0000000000800745                _end = .
                [!provide]                        PROVIDE (__heap_start, .)

.eeprom         0x0000000000810000        0x0
 *(.eeprom*)
                0x0000000000810000                __eeprom_end = .

.fuse
 *(.fuse)
 *(.lfuse)
 *(.hfuse)
 *(.efuse)

.lock
 *(.lock*)

.signature
 *(.signature*)

.user_signatures
 *(.user_signatures*)

.stab           0x0000000000000000     0x3198
 *(.stab)
 .stab          0x0000000000000000      0x81c ./FreeRTOS/portable/MemMang/heap_1.o
                                        0x8a0 (size before relaxing)
 .stab          0x000000000000081c      0x978 ./FreeRTOS/portable/GCC/ATMega328/port.o
                                        0xd74 (size before relaxing)
 .stab          0x0000000000001194      0x684 ./FreeRTOS/list.o
                                        0x948 (size before relaxing)
 .stab          0x0000000000001818     0x1254 ./FreeRTOS/tasks.o
                                       0x2718 (size before relaxing)
 .stab          0x0000000000002a6c      0x318 ./Drivers/led.o
                                        0x4e0 (size before relaxing)
 .stab          0x0000000000002d84      0x414 ./main.o
                                        0x7b0 (size before relaxing)

.stabstr        0x0000000000000000     0x3abe
 *(.stabstr)
 .stabstr       0x0000000000000000     0x3abe ./FreeRTOS/portable/MemMang/heap_1.o

.stab.excl
 *(.stab.excl)

.stab.exclstr
 *(.stab.exclstr)

.stab.index
 *(.stab.index)

.stab.indexstr
 *(.stab.indexstr)

.comment        0x0000000000000000       0x11
 *(.comment)
 .comment       0x0000000000000000       0x11 ./FreeRTOS/portable/MemMang/heap_1.o
                                         0x12 (size before relaxing)
 .comment       0x0000000000000011       0x12 ./FreeRTOS/portable/GCC/ATMega328/port.o
 .comment       0x0000000000000011       0x12 ./FreeRTOS/list.o
 .comment       0x0000000000000011       0x12 ./FreeRTOS/tasks.o
 .comment       0x0000000000000011       0x12 ./Drivers/led.o
 .comment       0x0000000000000011       0x12 ./main.o

.note.gnu.avr.deviceinfo
                0x0000000000000000       0x3c
 .note.gnu.avr.deviceinfo
                0x0000000000000000       0x3c /usr/lib/gcc/avr/5.4.0/../../../avr/lib/avr5/crtatmega328.o

.note.gnu.build-id
 *(.note.gnu.build-id)

.debug
 *(.debug)

.line
 *(.line)

.debug_srcinfo
 *(.debug_srcinfo)

.debug_sfnames
 *(.debug_sfnames)

.debug_aranges
 *(.debug_aranges)

.debug_pubnames
 *(.debug_pubnames)

.debug_info     0x0000000000000000      0x5f4
 *(.debug_info .gnu.linkonce.wi.*)
 .debug_info    0x0000000000000000      0x5f4 /usr/lib/gcc/avr/5.4.0/../../../avr/lib/avr5/crtatmega328.o

.debug_abbrev   0x0000000000000000      0x5a2
 *(.debug_abbrev)
 .debug_abbrev  0x0000000000000000      0x5a2 /usr/lib/gcc/avr/5.4.0/../../../avr/lib/avr5/crtatmega328.o

.debug_line     0x0000000000000000       0x1a
 *(.debug_line .debug_line.* .debug_line_end)
 .debug_line    0x0000000000000000       0x1a /usr/lib/gcc/avr/5.4.0/../../../avr/lib/avr5/crtatmega328.o

.debug_frame
 *(.debug_frame)

.debug_str      0x0000000000000000      0x208
 *(.debug_str)
 .debug_str     0x0000000000000000      0x208 /usr/lib/gcc/avr/5.4.0/../../../avr/lib/avr5/crtatmega328.o

.debug_loc
 *(.debug_loc)

.debug_macinfo
 *(.debug_macinfo)

.debug_weaknames
 *(.debug_weaknames)

.debug_funcnames
 *(.debug_funcnames)

.debug_typenames
 *(.debug_typenames)

.debug_varnames
 *(.debug_varnames)

.debug_pubtypes
 *(.debug_pubtypes)

.debug_ranges
 *(.debug_ranges)

.debug_macro
 *(.debug_macro)
OUTPUT(spot-micro-avr.elf elf32-avr)
LOAD linker stubs

Cross Reference Table

Symbol                                            File
__DATA_REGION_LENGTH__                            /usr/lib/gcc/avr/5.4.0/../../../avr/lib/avr5/crtatmega328.o
__DATA_REGION_ORIGIN__                            /usr/lib/gcc/avr/5.4.0/../../../avr/lib/avr5/crtatmega328.o
__EEPROM_REGION_LENGTH__                          /usr/lib/gcc/avr/5.4.0/../../../avr/lib/avr5/crtatmega328.o
__FUSE_REGION_LENGTH__                            /usr/lib/gcc/avr/5.4.0/../../../avr/lib/avr5/crtatmega328.o
__TEXT_REGION_LENGTH__                            /usr/lib/gcc/avr/5.4.0/../../../avr/lib/avr5/crtatmega328.o
__bad_interrupt                                   /usr/lib/gcc/avr/5.4.0/../../../avr/lib/avr5/crtatmega328.o
__bss_end                                         /usr/lib/gcc/avr/5.4.0/avr5/libgcc.a(_clear_bss.o)
__bss_start                                       /usr/lib/gcc/avr/5.4.0/avr5/libgcc.a(_clear_bss.o)
__data_end                                        /usr/lib/gcc/avr/5.4.0/avr5/libgcc.a(_copy_data.o)
__data_load_start                                 /usr/lib/gcc/avr/5.4.0/avr5/libgcc.a(_copy_data.o)
__data_start                                      /usr/lib/gcc/avr/5.4.0/avr5/libgcc.a(_copy_data.o)
__do_clear_bss                                    /usr/lib/gcc/avr/5.4.0/avr5/libgcc.a(_clear_bss.o)
                                                  ./FreeRTOS/tasks.o
                                                  ./FreeRTOS/croutine.o
                                                  ./FreeRTOS/portable/MemMang/heap_1.o
__do_copy_data                                    /usr/lib/gcc/avr/5.4.0/avr5/libgcc.a(_copy_data.o)
                                                  ./main.o
                                                  ./FreeRTOS/tasks.o
__heap_end                                        /usr/lib/gcc/avr/5.4.0/../../../avr/lib/avr5/crtatmega328.o
__init                                            /usr/lib/gcc/avr/5.4.0/../../../avr/lib/avr5/crtatmega328.o
__stack                                           /usr/lib/gcc/avr/5.4.0/../../../avr/lib/avr5/crtatmega328.o
__vector_1                                        /usr/lib/gcc/avr/5.4.0/../../../avr/lib/avr5/crtatmega328.o
__vector_10                                       /usr/lib/gcc/avr/5.4.0/../../../avr/lib/avr5/crtatmega328.o
__vector_11                                       ./FreeRTOS/portable/GCC/ATMega328/port.o
                                                  /usr/lib/gcc/avr/5.4.0/../../../avr/lib/avr5/crtatmega328.o
__vector_12                                       /usr/lib/gcc/avr/5.4.0/../../../avr/lib/avr5/crtatmega328.o
__vector_13                                       /usr/lib/gcc/avr/5.4.0/../../../avr/lib/avr5/crtatmega328.o
__vector_14                                       /usr/lib/gcc/avr/5.4.0/../../../avr/lib/avr5/crtatmega328.o
__vector_15                                       /usr/lib/gcc/avr/5.4.0/../../../avr/lib/avr5/crtatmega328.o
__vector_16                                       /usr/lib/gcc/avr/5.4.0/../../../avr/lib/avr5/crtatmega328.o
__vector_17                                       /usr/lib/gcc/avr/5.4.0/../../../avr/lib/avr5/crtatmega328.o
__vector_18                                       /usr/lib/gcc/avr/5.4.0/../../../avr/lib/avr5/crtatmega328.o
__vector_19                                       /usr/lib/gcc/avr/5.4.0/../../../avr/lib/avr5/crtatmega328.o
__vector_2                                        /usr/lib/gcc/avr/5.4.0/../../../avr/lib/avr5/crtatmega328.o
__vector_20                                       /usr/lib/gcc/avr/5.4.0/../../../avr/lib/avr5/crtatmega328.o
__vector_21                                       /usr/lib/gcc/avr/5.4.0/../../../avr/lib/avr5/crtatmega328.o
__vector_22                                       /usr/lib/gcc/avr/5.4.0/../../../avr/lib/avr5/crtatmega328.o
__vector_23                                       /usr/lib/gcc/avr/5.4.0/../../../avr/lib/avr5/crtatmega328.o
__vector_24                                       /usr/lib/gcc/avr/5.4.0/../../../avr/lib/avr5/crtatmega328.o
__vector_25                                       /usr/lib/gcc/avr/5.4.0/../../../avr/lib/avr5/crtatmega328.o
__vector_3                                        /usr/lib/gcc/avr/5.4.0/../../../avr/lib/avr5/crtatmega328.o
__vector_4                                        /usr/lib/gcc/avr/5.4.0/../../../avr/lib/avr5/crtatmega328.o
__vector_5                                        /usr/lib/gcc/avr/5.4.0/../../../avr/lib/avr5/crtatmega328.o
__vector_6                                        /usr/lib/gcc/avr/5.4.0/../../../avr/lib/avr5/crtatmega328.o
__vector_7                                        /usr/lib/gcc/avr/5.4.0/../../../avr/lib/avr5/crtatmega328.o
__vector_8                                        /usr/lib/gcc/avr/5.4.0/../../../avr/lib/avr5/crtatmega328.o
__vector_9                                        /usr/lib/gcc/avr/5.4.0/../../../avr/lib/avr5/crtatmega328.o
__vector_default                                  /usr/lib/gcc/avr/5.4.0/../../../avr/lib/avr5/crtatmega328.o
__vectors                                         /usr/lib/gcc/avr/5.4.0/../../../avr/lib/avr5/crtatmega328.o
_exit                                             /usr/lib/gcc/avr/5.4.0/avr5/libgcc.a(_exit.o)
exit                                              /usr/lib/gcc/avr/5.4.0/avr5/libgcc.a(_exit.o)
                                                  /usr/lib/gcc/avr/5.4.0/../../../avr/lib/avr5/crtatmega328.o
main                                              ./main.o
                                                  /usr/lib/gcc/avr/5.4.0/../../../avr/lib/avr5/crtatmega328.o
memcpy                                            /usr/lib/gcc/avr/5.4.0/../../../avr/lib/avr5/libc.a(memcpy.o)
                                                  ./FreeRTOS/queue.o
pvPortMalloc                                      ./FreeRTOS/portable/MemMang/heap_1.o
                                                  ./FreeRTOS/tasks.o
                                                  ./FreeRTOS/queue.o
                                                  ./FreeRTOS/event_groups.o
                                                  ./FreeRTOS/croutine.o
pxCurrentCoRoutine                                ./FreeRTOS/croutine.o
pxCurrentTCB                                      ./FreeRTOS/tasks.o
                                                  ./FreeRTOS/portable/GCC/ATMega328/port.o
pxPortInitialiseStack                             ./FreeRTOS/portable/GCC/ATMega328/port.o
                                                  ./FreeRTOS/tasks.o
ulTaskNotifyTake                                  ./FreeRTOS/tasks.o
uxListRemove                                      ./FreeRTOS/list.o
                                                  ./FreeRTOS/tasks.o
                                                  ./FreeRTOS/croutine.o
uxQueueMessagesWaiting                            ./FreeRTOS/queue.o
uxQueueMessagesWaitingFromISR                     ./FreeRTOS/queue.o
uxQueueSpacesAvailable                            ./FreeRTOS/queue.o
uxTaskGetNumberOfTasks                            ./FreeRTOS/tasks.o
uxTaskResetEventItemValue                         ./FreeRTOS/tasks.o
                                                  ./FreeRTOS/event_groups.o
vApplicationIdleHook                              ./main.o
                                                  ./FreeRTOS/tasks.o
vCoRoutineAddToDelayedList                        ./FreeRTOS/croutine.o
vCoRoutineSchedule                                ./FreeRTOS/croutine.o
vEventGroupClearBitsCallback                      ./FreeRTOS/event_groups.o
vEventGroupDelete                                 ./FreeRTOS/event_groups.o
vEventGroupSetBitsCallback                        ./FreeRTOS/event_groups.o
vLEDFlashTask                                     ./main.o
vLEDInit                                          ./Drivers/led.o
                                                  ./main.o
vLEDToggle                                        ./Drivers/led.o
                                                  ./main.o
vListInitialise                                   ./FreeRTOS/list.o
                                                  ./FreeRTOS/tasks.o
                                                  ./FreeRTOS/queue.o
                                                  ./FreeRTOS/event_groups.o
                                                  ./FreeRTOS/croutine.o
vListInitialiseItem                               ./FreeRTOS/list.o
                                                  ./FreeRTOS/tasks.o
                                                  ./FreeRTOS/croutine.o
vListInsert                                       ./FreeRTOS/list.o
                                                  ./FreeRTOS/tasks.o
                                                  ./FreeRTOS/croutine.o
vListInsertEnd                                    ./FreeRTOS/list.o
                                                  ./FreeRTOS/tasks.o
                                                  ./FreeRTOS/croutine.o
vPortEndScheduler                                 ./FreeRTOS/portable/GCC/ATMega328/port.o
                                                  ./FreeRTOS/tasks.o
vPortFree                                         ./FreeRTOS/portable/MemMang/heap_1.o
                                                  ./FreeRTOS/tasks.o
                                                  ./FreeRTOS/queue.o
                                                  ./FreeRTOS/event_groups.o
vPortInitialiseBlocks                             ./FreeRTOS/portable/MemMang/heap_1.o
vPortYield                                        ./FreeRTOS/portable/GCC/ATMega328/port.o
                                                  ./FreeRTOS/tasks.o
                                                  ./FreeRTOS/queue.o
                                                  ./FreeRTOS/event_groups.o
vPortYieldFromTick                                ./FreeRTOS/portable/GCC/ATMega328/port.o
vQueueDelete                                      ./FreeRTOS/queue.o
vTaskDelay                                        ./FreeRTOS/tasks.o
vTaskDelayUntil                                   ./FreeRTOS/tasks.o
                                                  ./main.o
vTaskDelete                                       ./FreeRTOS/tasks.o
vTaskEndScheduler                                 ./FreeRTOS/tasks.o
vTaskMissedYield                                  ./FreeRTOS/tasks.o
                                                  ./FreeRTOS/queue.o
vTaskNotifyGiveFromISR                            ./FreeRTOS/tasks.o
vTaskPlaceOnEventList                             ./FreeRTOS/tasks.o
                                                  ./FreeRTOS/queue.o
vTaskPlaceOnUnorderedEventList                    ./FreeRTOS/tasks.o
                                                  ./FreeRTOS/event_groups.o
vTaskSetTimeOutState                              ./FreeRTOS/tasks.o
                                                  ./FreeRTOS/queue.o
vTaskStartScheduler                               ./FreeRTOS/tasks.o
                                                  ./main.o
vTaskSuspendAll                                   ./FreeRTOS/tasks.o
                                                  ./FreeRTOS/queue.o
                                                  ./FreeRTOS/event_groups.o
                                                  ./FreeRTOS/portable/MemMang/heap_1.o
vTaskSwitchContext                                ./FreeRTOS/tasks.o
                                                  ./FreeRTOS/portable/GCC/ATMega328/port.o
xCoRoutineCreate                                  ./FreeRTOS/croutine.o
xCoRoutineRemoveFromEventList                     ./FreeRTOS/croutine.o
xEventGroupClearBits                              ./FreeRTOS/event_groups.o
xEventGroupCreate                                 ./FreeRTOS/event_groups.o
xEventGroupGetBitsFromISR                         ./FreeRTOS/event_groups.o
xEventGroupSetBits                                ./FreeRTOS/event_groups.o
xEventGroupSync                                   ./FreeRTOS/event_groups.o
xEventGroupWaitBits                               ./FreeRTOS/event_groups.o
xPortGetFreeHeapSize                              ./FreeRTOS/portable/MemMang/heap_1.o
xPortStartScheduler                               ./FreeRTOS/portable/GCC/ATMega328/port.o
                                                  ./FreeRTOS/tasks.o
xQueueGenericCreate                               ./FreeRTOS/queue.o
xQueueGenericReceive                              ./FreeRTOS/queue.o
xQueueGenericReset                                ./FreeRTOS/queue.o
xQueueGenericSend                                 ./FreeRTOS/queue.o
xQueueGenericSendFromISR                          ./FreeRTOS/queue.o
xQueueGiveFromISR                                 ./FreeRTOS/queue.o
xQueueIsQueueEmptyFromISR                         ./FreeRTOS/queue.o
xQueueIsQueueFullFromISR                          ./FreeRTOS/queue.o
xQueuePeekFromISR                                 ./FreeRTOS/queue.o
xQueueReceiveFromISR                              ./FreeRTOS/queue.o
xTaskCheckForTimeOut                              ./FreeRTOS/tasks.o
                                                  ./FreeRTOS/queue.o
xTaskGenericCreate                                ./FreeRTOS/tasks.o
                                                  ./main.o
xTaskGetTickCount                                 ./FreeRTOS/tasks.o
                                                  ./main.o
                                                  ./FreeRTOS/croutine.o
xTaskGetTickCountFromISR                          ./FreeRTOS/tasks.o
xTaskIncrementTick                                ./FreeRTOS/tasks.o
                                                  ./FreeRTOS/portable/GCC/ATMega328/port.o
xTaskNotify                                       ./FreeRTOS/tasks.o
xTaskNotifyFromISR                                ./FreeRTOS/tasks.o
xTaskNotifyWait                                   ./FreeRTOS/tasks.o
xTaskRemoveFromEventList                          ./FreeRTOS/tasks.o
                                                  ./FreeRTOS/queue.o
xTaskRemoveFromUnorderedEventList                 ./FreeRTOS/tasks.o
                                                  ./FreeRTOS/event_groups.o
xTaskResumeAll                                    ./FreeRTOS/tasks.o
                                                  ./FreeRTOS/queue.o
                                                  ./FreeRTOS/event_groups.o
                                                  ./FreeRTOS/portable/MemMang/heap_1.o
